// Jest Snapshot v1, https://goo.gl/fbAQLP

exports[`CollegeSearch should sort colleges by rank after clicking sort by rank 1`] = `
<SearchColleges
  userid="sam"
>
  <div
    className="container"
  >
    <h1
      className="text-center"
    >
      Search for Colleges!
    </h1>
    <div
      className="row"
    >
      <div
        className="col-4"
      >
        <div>
          strict:
          <input
            onClick={[Function]}
            type="checkbox"
          />
        </div>
        <div>
          rankingLower
          <input
            name="rankingLower"
            onChange={[Function]}
            type="number"
          />
        </div>
        <div>
          rankingUpper
          <input
            name="rankingUpper"
            onChange={[Function]}
            type="number"
          />
        </div>
        <div>
          admissionRateLower
          <input
            name="admissionRateLower"
            onChange={[Function]}
            type="number"
          />
        </div>
        <div>
          admissionRateUpper
          <input
            name="admissionRateUpper"
            onChange={[Function]}
            type="number"
          />
        </div>
        <div>
          sizeLower
          <input
            name="sizeLower"
            onChange={[Function]}
            type="number"
          />
        </div>
        <div>
          sizeUpper
          <input
            name="sizeUpper"
            onChange={[Function]}
            type="number"
          />
        </div>
        <div>
          satMathLower
          <input
            name="satMathLower"
            onChange={[Function]}
            type="number"
          />
        </div>
        <div>
          satMathUpper
          <input
            name="satMathUpper"
            onChange={[Function]}
            type="number"
          />
        </div>
        <div>
          satEngLower
          <input
            name="satEngLower"
            onChange={[Function]}
            type="number"
          />
        </div>
        <div>
          satEngUpper
          <input
            name="satEngUpper"
            onChange={[Function]}
            type="number"
          />
        </div>
        <div>
          actLower
          <input
            name="actLower"
            onChange={[Function]}
            type="number"
          />
        </div>
        <div>
          actUpper
          <input
            name="actUpper"
            onChange={[Function]}
            type="number"
          />
        </div>
        <div>
          major1
          <input
            name="major1"
            onChange={[Function]}
            type="text"
          />
        </div>
        <div>
          major2
          <input
            name="major2"
            onChange={[Function]}
            type="text"
          />
        </div>
        <div>
          costOfAttendance
          <input
            name="costOfAttendance"
            onChange={[Function]}
            type="number"
          />
        </div>
        <div>
          location
          <select
            name="location"
            onChange={[Function]}
          >
            <option
              value=""
            >
              No preference
            </option>
            <option
              value="northeast"
            >
              Northeast
            </option>
            <option
              value="midwest"
            >
              Midwest
            </option>
            <option
              value="south"
            >
              South
            </option>
            <option
              value="west"
            >
              West
            </option>
          </select>
        </div>
        <div>
          sort by
          <select
            name="sortCriteria"
            onChange={[Function]}
          >
            <option
              value=""
            >
              No option
            </option>
            <option
              value="name"
            >
              by name
            </option>
            <option
              value="admissionRate"
            >
              by admission rate
            </option>
            <option
              value="costOfAttendance"
            >
              by cost
            </option>
            <option
              value="ranking"
            >
              by ranking
            </option>
          </select>
          ascending:
          <input
            onClick={[Function]}
            type="checkbox"
          />
        </div>
        <div>
          <button
            onClick={[Function]}
          >
            Apply Filters
          </button>
          <button
            onClick={[Function]}
          >
            Apply Sort
          </button>
        </div>
      </div>
      <div
        className="col-8"
      >
        <label
          htmlFor="name"
        >
          Filter by Name:
        </label>
        <input
          name="name"
          onChange={[Function]}
          type="text"
        />
        <button
          onClick={[Function]}
        >
          Search
        </button>
      </div>
    </div>
  </div>
</SearchColleges>
`;
